Log: [b75ec00c-44f9-4f61-81cb-f226486eefe9:2026-01-20T20:27:05.635833+0400 - INFO - Successfully accessed /]
Log: [2eca5e01-3f7d-42a8-b8e7-d70632caab54:2026-01-20T20:27:05.725519+0400 - WARNING - Request to /favicon.ico failed]
Log: [e3ef9a67-763e-4b3a-bb61-d125fc1f4679:2026-01-20T20:27:26.294931+0400 - INFO - Successfully accessed /docs]
Log: [eb04de23-32cc-4f76-aa11-46aa2c2ee527:2026-01-20T20:27:26.527088+0400 - INFO - Successfully accessed /openapi.json]
Log: [dcf30cd5-1071-4095-b3bf-dd2098627738:2026-01-20T20:27:44.692281+0400 - WARNING - Request to /docs3 failed]
Log: [14b292f5-1ce8-456c-b8c9-5f1288b9a2f0:2026-01-20T20:28:11.257118+0400 - WARNING - Request to /docs34 failed]
Log: [0ff62383-6b3d-4f94-b0bc-52b22810b739:2026-01-20T20:35:07.489912+0400 - WARNING - Request to /bd failed]
Log: [e9da8059-fc43-4c3f-b342-17c9a93144d2:2026-01-20T20:37:06.321160+0400 - WARNING - Request to /bd failed]
Log: [f7f0c9ad-63cd-4ae5-8de0-9a8e8a3d5c44:2026-01-20T20:37:06.321839+0400 - WARNING - Request to /bd failed]
Log: [cef3c9c1-8fa8-4971-ad55-a4f3aa634eed:2026-01-20T20:37:06.322339+0400 - INFO - Successfully accessed /]
Log: [deb53627-134a-4be4-bf71-2838182189bd:2026-01-30T22:02:47.122301+0400 - INFO - Successfully accessed /]
Log: [cc07d8cc-0b69-46ba-964a-331305471177:2026-01-30T22:02:47.237737+0400 - WARNING - Request to /favicon.ico failed]
Log: [7f89430b-0c90-4d03-a2db-ec80fa03a22c:2026-01-30T22:02:52.195924+0400 - INFO - Successfully accessed /docs]
Log: [f118dea2-44b0-4a2f-9247-4383eae82e47:2026-01-30T22:02:53.230974+0400 - INFO - Successfully accessed /openapi.json]
Log: [2f4b7060-268c-43ba-8fac-4751f60035bc:2026-01-30T22:03:01.138993+0400 - ERROR - Request to /products/ failed: [Errno 11001] getaddrinfo failed]
Log: [949477f6-ab80-4179-911c-ea9ca1b2957f:2026-01-30T22:07:41.046240+0400 - ERROR - Request to /users/token failed: [Errno 11001] getaddrinfo failed]
Log: [3b5e79ac-c5dd-470d-9e5d-7e3c3608947e:2026-01-30T22:08:06.460240+0400 - WARNING - Request to /statistics/products/active failed]
Log: [944e8dce-2493-409d-b99e-aa1cb4f6ccc7:2026-01-30T22:08:15.785801+0400 - ERROR - Request to /category/ failed: [Errno 11001] getaddrinfo failed]
Log: [28d809e4-f850-406a-9a03-947b5377b78c:2026-01-30T22:26:42.957826+0400 - INFO - Successfully accessed /]
Log: [84e21671-4dd3-4482-ac8e-9e7b70354495:2026-01-30T22:26:45.905296+0400 - INFO - Successfully accessed /]
Log: [f301b792-9a07-42a2-b8c1-dde25caa7cee:2026-01-30T22:26:49.123931+0400 - INFO - Successfully accessed /docs]
Log: [4192b7ac-22d9-4179-a282-c9a705504175:2026-01-30T22:26:49.362143+0400 - INFO - Successfully accessed /openapi.json]
Log: [ebd11fbc-2819-4f95-bc24-ce4e5f081c7f:2026-01-30T22:26:55.126797+0400 - ERROR - Request to /category/ failed: [Errno 11001] getaddrinfo failed]
Log: [14da812c-e8a3-4e37-80cd-67165c349380:2026-01-30T22:28:52.235775+0400 - INFO - Successfully accessed /]
Log: [47c0d4b6-40ef-4546-a589-682b48d61e43:2026-01-30T22:28:56.477353+0400 - INFO - Successfully accessed /docs]
Log: [98d8c0a4-360e-4cd1-985e-8f56194a1067:2026-01-30T22:28:56.718244+0400 - INFO - Successfully accessed /openapi.json]
Log: [b8bb87af-aa75-4eb4-8930-d7548ce02ecf:2026-01-30T22:29:01.717402+0400 - ERROR - Request to /category/ failed: [Errno 11001] getaddrinfo failed]
Log: [62747841-babb-4298-8215-a653fbb3668a:2026-01-30T22:47:33.214127+0400 - INFO - Successfully accessed /]
Log: [8db79fda-9162-45b2-a09c-d5bdd84a2859:2026-01-30T22:47:36.457584+0400 - INFO - Successfully accessed /docs]
Log: [94725bde-5904-4214-a625-876743465a7f:2026-01-30T22:47:36.671489+0400 - INFO - Successfully accessed /openapi.json]
Log: [435afb90-7373-4d9b-ba7e-6ae4ea8d3b1d:2026-01-30T22:47:41.377740+0400 - ERROR - Request to /category/ failed: [Errno 11001] getaddrinfo failed]
Log: [1644d8cf-14ff-4405-94e9-5db0b91a6a2d:2026-01-30T22:49:01.603874+0400 - INFO - Successfully accessed /docs]
Log: [ae04d870-07df-4403-9828-2f067491b50c:2026-01-30T22:49:01.642220+0400 - INFO - Successfully accessed /openapi.json]
Log: [e90827ea-ee3e-4312-a609-a49467ce927f:2026-01-30T22:49:07.028761+0400 - ERROR - Request to /category/ failed: [Errno 11001] getaddrinfo failed]
Log: [c8efffdf-1abb-4a57-9aa4-2f74b25ad238:2026-01-30T22:50:06.331639+0400 - INFO - Successfully accessed /]
Log: [d1de508b-03a4-436b-a306-43d4fad79560:2026-01-30T22:50:09.617825+0400 - INFO - Successfully accessed /docs]
Log: [35d1acee-04bd-4a61-bef7-64590752e8aa:2026-01-30T22:50:09.823212+0400 - INFO - Successfully accessed /openapi.json]
Log: [ead9bbc8-37a1-4b1f-a558-03ad98bfa7c2:2026-01-30T22:50:17.398514+0400 - ERROR - Request to /category/ failed: [Errno 11001] getaddrinfo failed]
Log: [9fe74574-3c1c-4b6d-ba2b-0fbfb41db75a:2026-01-30T22:51:24.899215+0400 - INFO - Successfully accessed /]
Log: [9e11acf2-421d-4edc-bd5b-09eddca65d85:2026-01-30T22:51:28.488840+0400 - INFO - Successfully accessed /docs]
Log: [a1d6ca02-1918-412a-81b1-d7e39558aebc:2026-01-30T22:51:28.720512+0400 - INFO - Successfully accessed /openapi.json]
Log: [12cc7bcd-94aa-4143-b767-a03432e3fa91:2026-01-30T22:51:44.597987+0400 - ERROR - Request to /products/1 failed: [Errno 11001] getaddrinfo failed]
Log: [b56c0504-fe24-43e7-9c90-1304d92c63cc:2026-01-30T22:52:13.738075+0400 - ERROR - Request to /products/1 failed: [Errno 11001] getaddrinfo failed]
Log: [059f220f-f056-4411-8ade-e8425b42e696:2026-01-30T22:56:21.611757+0400 - INFO - Successfully accessed /]
Log: [a405933a-2e97-4cfb-af99-8c3392875353:2026-01-30T22:56:24.794309+0400 - INFO - Successfully accessed /docs]
Log: [b9d2ab17-c88f-445c-876c-3202300f71d5:2026-01-30T22:56:25.048737+0400 - INFO - Successfully accessed /openapi.json]
Log: [88940b71-80af-4ff9-b934-82dea6beb3d9:2026-01-30T22:56:29.933792+0400 - ERROR - Request to /category/ failed: [Errno 11001] getaddrinfo failed]
Log: [1171360d-e318-4cf3-ae99-053232ab8422:2026-01-31T19:46:17.625053+0000 - INFO - Successfully accessed /users/]
Log: [f8e669a5-f55f-47a0-b8b1-2eea64d927b6:2026-02-01T17:52:47.074199+0000 - INFO - Successfully accessed /docs]
Log: [f0fc8052-1fa3-43eb-bbe1-b18fa91d4d8a:2026-02-01T17:52:47.257797+0000 - INFO - Successfully accessed /openapi.json]
Log: [6a26900a-5981-48b6-b414-07dcec43f748:2026-02-01T17:55:16.881079+0000 - INFO - Successfully accessed /docs]
Log: [b3759b91-eff8-4ebe-b0cb-d7bd6180909e:2026-02-01T17:55:17.009658+0000 - INFO - Successfully accessed /openapi.json]
Log: [49142e04-cd48-43d1-b6d8-7bb24228e0c2:2026-02-01T17:55:53.141803+0000 - ERROR - Request to /users/ failed: (sqlalchemy.dialects.postgresql.asyncpg.IntegrityError) <class 'asyncpg.exceptions.NotNullViolationError'>: null value in column "username" of relation "users" violates not-null constraint
DETAIL:  Failing row contains (1, kill@example.com, $2b$12$5ei2gZi0FNwa6VmRZIb5YehghI91Qo4qzZd6V0/fUAvFDbW99pzIy, t, user, null).
[SQL: INSERT INTO users (username, email, hashed_password, is_active, role) VALUES ($1::VARCHAR, $2::VARCHAR, $3::VARCHAR, $4::BOOLEAN, $5::VARCHAR) RETURNING users.id]
[parameters: (None, 'kill@example.com', '$2b$12$5ei2gZi0FNwa6VmRZIb5YehghI91Qo4qzZd6V0/fUAvFDbW99pzIy', True, 'user')]
(Background on this error at: https://sqlalche.me/e/20/gkpj)]
Log: [1a299b3a-57e4-41bc-bda0-d899aef24058:2026-02-01T17:57:30.738584+0000 - INFO - Successfully accessed /docs]
Log: [61dba2e9-0081-43fa-b0cb-b8965a378090:2026-02-01T17:57:30.883055+0000 - INFO - Successfully accessed /openapi.json]
Log: [449e8f07-82dc-4fb1-8511-c72b5acb93b7:2026-02-01T17:57:37.540601+0000 - INFO - Successfully accessed /users/]
Log: [f3515198-e0d0-4ed4-9892-2bfd36bf6621:2026-02-02T17:27:46.604492+0000 - INFO - Successfully accessed /]
Log: [85c73091-2114-4e8a-8419-d1de831e1094:2026-02-02T17:27:46.713473+0000 - WARNING - Request to /favicon.ico failed]
Log: [fd269938-9d99-4acc-86d1-783cb32ff45f:2026-02-02T17:27:50.612194+0000 - INFO - Successfully accessed /docs]
Log: [94cfac31-54f8-40c3-b8df-5d1f2ef652ad:2026-02-02T17:27:50.899259+0000 - INFO - Successfully accessed /openapi.json]
Log: [c0dec45f-8b5d-464c-9738-1bc53ffc997d:2026-02-02T17:30:47.125621+0000 - INFO - Successfully accessed /users/]
Log: [2ffbce00-e7fa-49c7-b7e9-03bed024c7f8:2026-02-02T17:32:03.090171+0000 - INFO - Successfully accessed /users/token]
Log: [d2913f14-b27f-4cc4-b2a8-8f3a93e632fa:2026-02-02T17:32:49.473902+0000 - INFO - Successfully accessed /users/token]
Log: [4392afc5-77d9-4cd0-9aac-ab4f7cb81aad:2026-02-02T17:33:09.287092+0000 - INFO - Successfully accessed /users/revoke-tokens]
Log: [67df7405-8d7a-450a-93ef-9e098bbe52ca:2026-02-02T17:33:49.193938+0000 - INFO - Successfully accessed /users/access-token]
Log: [f796a974-0302-43df-b030-f5d520ed7c38:2026-02-02T17:34:09.313202+0000 - INFO - Successfully accessed /users/revoke-tokens]
Log: [233eb016-9760-4098-b78e-4c81a0d30dff:2026-02-02T17:34:15.878226+0000 - INFO - Successfully accessed /users/access-token]
Log: [81c66f1e-0fef-472d-8da7-57581df25b1e:2026-02-02T17:37:30.196801+0000 - INFO - Successfully accessed /docs]
Log: [432b5b95-f105-4182-8bb2-8919a04d1f3c:2026-02-02T17:37:30.256079+0000 - INFO - Successfully accessed /openapi.json]
Log: [515d158c-030d-42ff-b010-f0e048a29bd2:2026-02-02T17:38:24.118066+0000 - INFO - Successfully accessed /users/token]
Log: [750737fc-97d1-4c77-bdb8-cfb24854bd94:2026-02-02T17:38:45.934776+0000 - INFO - Successfully accessed /users/revoke-tokens]
Log: [d5daae35-a258-49b9-a8aa-331adf783acc:2026-02-02T17:39:11.047889+0000 - INFO - Successfully accessed /users/access-token]
Log: [9e55bbe4-5502-4d5f-884e-939c7f696ae0:2026-02-02T17:44:51.451123+0000 - WARNING - Request to /users/token failed]
Log: [5df1eebd-5160-45c7-ac93-5ece3a24bb3d:2026-02-02T17:45:03.986605+0000 - INFO - Successfully accessed /users/token]
Log: [b2688379-9d0a-4891-be59-f071290f2502:2026-02-02T17:45:33.154157+0000 - INFO - Successfully accessed /users/revoke-tokens]
Log: [c4aa2c92-371b-43a2-935d-340da01c5f5e:2026-02-02T17:45:44.950714+0000 - WARNING - Request to /users/access-token failed]
Log: [5a5e0eb0-41be-4aba-8d2f-394f95002279:2026-02-02T18:19:37.701353+0000 - INFO - Successfully accessed /docs]
Log: [9975c1fb-1244-49e5-a7d7-5b0164b4b7b5:2026-02-02T18:19:37.912763+0000 - INFO - Successfully accessed /openapi.json]
Log: [a386c9c4-2208-4865-bb6c-b9845eae3dac:2026-02-02T18:19:43.677713+0000 - INFO - Successfully accessed /users/blaclist-tokens]
Log: [0d0912bb-f026-4fa7-bd3d-f50aa9b38ec1:2026-02-02T18:28:40.033713+0000 - INFO - Successfully accessed /users/blaclist-tokens]
Log: [9ffa8b31-356d-415d-9d67-9bc18444a3fc:2026-02-02T18:29:07.511812+0000 - INFO - Successfully accessed /users/blaclist-tokens]
Log: [bb413f4e-3a11-48a3-b74e-9c72e8cd8e20:2026-02-02T18:38:20.136936+0000 - INFO - Successfully accessed /users/blaclist-tokens]
Log: [a021c577-7e4f-49b0-880e-6dcb347fb005:2026-02-02T18:38:43.091171+0000 - INFO - Successfully accessed /users/blaclist-tokens]
Log: [849ea2a9-f648-459f-a086-82300510365b:2026-02-02T18:45:14.254222+0000 - INFO - Successfully accessed /users/blaclist-tokens]
Log: [e1c2a8f0-a704-4894-9bd9-ac376533d829:2026-02-02T18:45:48.715542+0000 - INFO - Successfully accessed /users/token]
Log: [75443204-eb5d-4d0a-8e17-8ae745adc5c3:2026-02-02T18:46:07.376126+0000 - INFO - Successfully accessed /users/revoke-tokens]
Log: [13dd3f58-d7ae-4253-9344-7b1276469bdd:2026-02-02T18:46:17.277113+0000 - INFO - Successfully accessed /users/blaclist-tokens]
Log: [a42c75f8-8f6d-4d0e-b93a-cb541002e853:2026-02-02T18:46:30.548884+0000 - WARNING - Request to /users/access-token failed]
Log: [3fb2a037-326a-420d-be34-1f0211113707:2026-02-02T19:22:01.605205+0000 - INFO - Successfully accessed /docs]
Log: [657d216c-7290-4dfe-a2a8-969e3575bae7:2026-02-02T19:22:01.738687+0000 - INFO - Successfully accessed /openapi.json]
Log: [5493427d-711b-4719-b393-5a423247d4b6:2026-02-02T19:22:32.102263+0000 - INFO - Successfully accessed /users/]
